// Jest Snapshot v1, https://goo.gl/fbAQLP

exports[`Fields Should submit correctly 1`] = `
<div>
  <form
    novalidate=""
  >
    <div>
      <label
        for="First Name"
      >
        First Name
      </label>
      <input
        id="First Name"
        name="first_name"
        value="Guilherme Louro"
      />
    </div>
    <div>
      <label
        for="Gender"
      >
        Gender
      </label>
      <select
        id="Gender"
        name="gender"
      >
        <option
          value="Female"
        >
          Female
        </option>
        <option
          value="Male"
        >
          Male
        </option>
      </select>
    </div>
    <div>
      How many time do you work as developer?
    </div>
    <div>
      <input
        id="1 - 3 years"
        name="time_as_developer"
        type="radio"
        value="1-3"
      />
      <label
        for="1 - 3 years"
      >
        1 - 3 years
      </label>
    </div>
    <div>
      <input
        id="3 - 5 years"
        name="time_as_developer"
        type="radio"
        value="3-5"
      />
      <label
        for="3 - 5 years"
      >
        3 - 5 years
      </label>
    </div>
    <div>
      <input
        id="+5 years"
        name="time_as_developer"
        type="radio"
        value="+5"
      />
      <label
        for="+5 years"
      >
        +5 years
      </label>
    </div>
    <div>
      <input
        id="I agree"
        name="agree"
        required=""
        type="checkbox"
        value="true"
      />
      <label
        for="I agree"
      >
        I agree
        *
      </label>
    </div>
    <div>
      <label
        for="Some message"
      >
        Some message
      </label>
      <textarea
        id="Some message"
        name="message"
      >
        I hope that these tests have been passed
      </textarea>
    </div>
    <button
      type="submit"
    >
      Submit
    </button>
  </form>
</div>
`;
